// Jest Snapshot v1, https://goo.gl/fbAQLP

exports[`Match snapshot 1`] = `
<form
  className="form-content"
>
  <h3>
    Let us know your Favorite Pokemon !
  </h3>
  <p>
    Fill in the form and share you pokemon preferences.
  </p>
  <div
    className="form-content_input"
  >
    <div
      className="form-text-field"
    >
      <label
        className="form-label"
        htmlFor="FirstName"
      >
        First name
      </label>
      <input
        className="form-control"
        id="FirstName"
        name="FirstName"
        onBlur={[Function]}
        onChange={[Function]}
        placeholder="Enter your first name"
        value=""
      />
      <small
        className="error-msg form-text"
        id="FirstNameHelpBlock"
      />
    </div>
    <div
      className="form-text-field"
    >
      <label
        className="form-label"
        htmlFor="LastName"
      >
        Last name
      </label>
      <input
        className="form-control"
        id="LastName"
        name="LastName"
        onBlur={[Function]}
        onChange={[Function]}
        placeholder="Enter your last name"
        value=""
      />
      <small
        className="error-msg form-text"
        id="LastNameHelpBlock"
      />
    </div>
    <div
      className="form-text-field"
    >
      <label
        className="form-label"
        htmlFor="PhoneNumber"
      >
        Phone number
      </label>
      <input
        className="form-control"
        id="PhoneNumber"
        name="PhoneNumber"
        onBlur={[Function]}
        onChange={[Function]}
        placeholder="Enter your phone number"
        value=""
      />
      <small
        className="error-msg form-text"
        id="PhoneNumberHelpBlock"
      />
    </div>
    <div
      className="form-text-field"
    >
      <label
        className="form-label"
        htmlFor="EmailAddress"
      >
        Email address
      </label>
      <input
        className="form-control"
        id="EmailAddress"
        name="EmailAddress"
        onBlur={[Function]}
        onChange={[Function]}
        placeholder="Enter your email address"
        value=""
      />
      <small
        className="error-msg form-text"
        id="EmailAddressHelpBlock"
      />
    </div>
    <div
      className="form-selection-field"
    >
      <label
        className="form-label"
        htmlFor="FavoritePokemon"
      >
        Favorite pokemon
      </label>
      <div
        className="basic-single css-b62m3t-container"
        id="FavoritePokemon"
        onKeyDown={[Function]}
      >
        <span
          className="css-1f43avz-a11yText-A11yText"
          id="react-select-5-live-region"
        />
        <span
          aria-atomic="false"
          aria-live="polite"
          aria-relevant="additions text"
          className="css-1f43avz-a11yText-A11yText"
        />
        <div
          className="select__control css-1t8y0t9-control"
          onMouseDown={[Function]}
          onTouchEnd={[Function]}
        >
          <div
            className="select__value-container select__value-container--has-value css-319lph-ValueContainer"
          >
            <div
              className="select__single-value css-qc6sy-singleValue"
            >
              Venusaur
            </div>
            <div
              className="select__input-container css-6j8wv5-Input"
              data-value=""
            >
              <input
                aria-autocomplete="list"
                aria-expanded={false}
                aria-haspopup={true}
                autoCapitalize="none"
                autoComplete="off"
                autoCorrect="off"
                className="select__input"
                disabled={false}
                id="react-select-5-input"
                onBlur={[Function]}
                onChange={[Function]}
                onFocus={[Function]}
                role="combobox"
                spellCheck="false"
                style={
                  Object {
                    "background": 0,
                    "border": 0,
                    "color": "inherit",
                    "font": "inherit",
                    "gridArea": "1 / 2",
                    "label": "input",
                    "margin": 0,
                    "minWidth": "2px",
                    "opacity": 1,
                    "outline": 0,
                    "padding": 0,
                    "width": "100%",
                  }
                }
                tabIndex={0}
                type="text"
                value=""
              />
            </div>
          </div>
          <div
            className="select__indicators css-1hb7zxy-IndicatorsContainer"
          >
            <div
              aria-hidden="true"
              className="select__indicator select__loading-indicator css-at12u2-loadingIndicator"
            >
              <span
                className="css-1xtdfmb-LoadingDot"
              />
              <span
                className="css-zoievk-LoadingDot"
              />
              <span
                className="css-x748d8-LoadingDot"
              />
            </div>
            <span
              className="select__indicator-separator css-1okebmr-indicatorSeparator"
            />
            <div
              aria-hidden="true"
              className="select__indicator select__dropdown-indicator css-tlfecz-indicatorContainer"
              onMouseDown={[Function]}
              onTouchEnd={[Function]}
            >
              <svg
                aria-hidden="true"
                className="css-tj5bde-Svg"
                focusable="false"
                height={20}
                viewBox="0 0 20 20"
                width={20}
              >
                <path
                  d="M4.516 7.548c0.436-0.446 1.043-0.481 1.576 0l3.908 3.747 3.908-3.747c0.533-0.481 1.141-0.446 1.574 0 0.436 0.445 0.408 1.197 0 1.615-0.406 0.418-4.695 4.502-4.695 4.502-0.217 0.223-0.502 0.335-0.787 0.335s-0.57-0.112-0.789-0.335c0 0-4.287-4.084-4.695-4.502s-0.436-1.17 0-1.615z"
                />
              </svg>
            </div>
          </div>
        </div>
        <input
          name="FavoritePokemon"
          type="hidden"
          value="venusaur"
        />
      </div>
      <small
        className="error-msg form-text"
        id="FavoritePokemonHelpBlock"
      />
    </div>
    <div
      className="table-view"
    >
      <table>
        <tbody>
          <tr>
            <th>
              Pokemon
              : 
            </th>
            <td />
          </tr>
          <tr>
            <th>
              Abilities
              : 
            </th>
            <td />
          </tr>
          <tr>
            <th>
              Height
              : 
            </th>
            <td>
              0 m
            </td>
          </tr>
          <tr>
            <th>
              Weight
              : 
            </th>
            <td>
              0 kg
            </td>
          </tr>
          <tr>
            <th>
              Types
              : 
            </th>
            <td />
          </tr>
        </tbody>
      </table>
    </div>
  </div>
  <div
    className="d-grid gap-3 form-content_button"
  >
    <button
      className="btn btn-primary"
      disabled={false}
      onClick={[Function]}
      type="submit"
    >
      Next
    </button>
  </div>
</form>
`;
